============================= test session starts =============================
platform win32 -- Python 3.13.3, pytest-8.3.5, pluggy-1.6.0
rootdir: E:\MazGPT1.0
configfile: pytest.ini
testpaths: tests
plugins: anyio-4.9.0, cov-6.1.1
collected 9 items

tests\test_2fa.py .                                                      [ 11%]
tests\test_auth.py ..                                                    [ 33%]
tests\test_chat.py .                                                     [ 44%]
tests\test_csrf.py .                                                     [ 55%]
tests\test_integration.py .                                              [ 66%]
tests\test_project.py .                                                  [ 77%]
tests\test_rate_limit.py .                                               [ 88%]
tests\test_settings.py .                                                 [100%]

=============================== tests coverage ================================
_______________ coverage: platform win32, python 3.13.3-final-0 _______________

Name               Stmts   Miss  Cover   Missing
------------------------------------------------
api\__init__.py       73      9    88%   28, 50, 78-86
api\auth.py          282    127    55%   67-70, 80, 83, 86-88, 91, 110-117, 124-128, 150, 153-159, 168, 185, 192-196, 200-203, 207-212, 216-223, 227, 230-233, 245-267, 271-290, 294-300, 304, 314-340, 356-357
api\chat.py           71     36    49%   43-67, 75-79, 98-125
api\csrf.py           23      1    96%   21
api\project.py        76     40    47%   41-49, 54-57, 62-71, 76-83, 88-97
api\settings.py       39     19    51%   15-19, 31-34, 45-55
api\user_data.py      37     19    49%   15-19, 27-28, 32-41, 45-47
------------------------------------------------
TOTAL                601    251    58%
============================== 9 passed in 0.93s ==============================
